 nrfoptGB

 Timestamp is 3c8d04ff (Mon Mar 11 13:26:55 2002)

 Preferred load address is 10000000

 Start         Length     Name                   Class
 0001:00000000 00006522H .text                   CODE
 0002:00000000 000000a8H .idata$5                DATA
 0002:000000a8 00000477H .rdata                  DATA
 0002:00000520 00000014H .idata$2                DATA
 0002:00000534 00000014H .idata$3                DATA
 0002:00000548 000000a8H .idata$4                DATA
 0002:000005f0 000002d2H .idata$6                DATA
 0002:000008d0 000000afH .edata                  DATA
 0003:00000000 00000004H .CRT$XCA                DATA
 0003:00000004 00000004H .CRT$XCZ                DATA
 0003:00000008 00000004H .CRT$XIA                DATA
 0003:0000000c 00000008H .CRT$XIC                DATA
 0003:00000014 00000004H .CRT$XIZ                DATA
 0003:00000018 00000004H .CRT$XPA                DATA
 0003:0000001c 00000004H .CRT$XPX                DATA
 0003:00000020 00000004H .CRT$XPZ                DATA
 0003:00000024 00000004H .CRT$XTA                DATA
 0003:00000028 00000004H .CRT$XTZ                DATA
 0003:00000030 00000e0cH .data                   DATA
 0003:00000e40 000015f4H .bss                    DATA

  Address         Publics by Value              Rva+Base     Lib:Object

 0001:00000000       _frprmn                    10001000 f   frprmn.obj
 0001:000001d0       _linmin                    100011d0 f   linmin.obj
 0001:00000280       _brent                     10001280 f   brent.obj
 0001:00000610       _mnbrak                    10001610 f   mnbrak.obj
 0001:000008c0       _nrerror                   100018c0 f   nrutil.obj
 0001:00000900       _vector                    10001900 f   nrutil.obj
 0001:00000950       _ivector                   10001950 f   nrutil.obj
 0001:000009a0       _cvector                   100019a0 f   nrutil.obj
 0001:000009e0       _lvector                   100019e0 f   nrutil.obj
 0001:00000a30       _dvector                   10001a30 f   nrutil.obj
 0001:00000a80       _matrix                    10001a80 f   nrutil.obj
 0001:00000b40       _dmatrix                   10001b40 f   nrutil.obj
 0001:00000c10       _imatrix                   10001c10 f   nrutil.obj
 0001:00000cd0       _submatrix                 10001cd0 f   nrutil.obj
 0001:00000d60       _convert_matrix            10001d60 f   nrutil.obj
 0001:00000df0       _f3tensor                  10001df0 f   nrutil.obj
 0001:00000fb0       _free_vector               10001fb0 f   nrutil.obj
 0001:00000fd0       _free_ivector              10001fd0 f   nrutil.obj
 0001:00000ff0       _free_cvector              10001ff0 f   nrutil.obj
 0001:00001010       _free_lvector              10002010 f   nrutil.obj
 0001:00001030       _free_dvector              10002030 f   nrutil.obj
 0001:00001050       _free_matrix               10002050 f   nrutil.obj
 0001:00001080       _free_dmatrix              10002080 f   nrutil.obj
 0001:000010b0       _free_imatrix              100020b0 f   nrutil.obj
 0001:000010e0       _free_submatrix            100020e0 f   nrutil.obj
 0001:00001100       _free_convert_matrix       10002100 f   nrutil.obj
 0001:00001120       _free_f3tensor             10002120 f   nrutil.obj
 0001:00001170       __fpmath                   10002170 f   LIBC:fpinit.obj
 0001:00001187       __fpclear                  10002187 f   LIBC:fpinit.obj
 0001:00001188       __cfltcvt_init             10002188 f   LIBC:fpinit.obj
 0001:000011c0       __cinit                    100021c0 f   LIBC:crt0dat.obj
 0001:000011ed       _exit                      100021ed f   LIBC:crt0dat.obj
 0001:000011fe       __exit                     100021fe f   LIBC:crt0dat.obj
 0001:0000120f       __cexit                    1000220f f   LIBC:crt0dat.obj
 0001:000012d1       _fprintf                   100022d1 f   LIBC:fprintf.obj
 0001:00001303       ___initstdio               10002303 f   LIBC:_file.obj
 0001:000013a8       ___endstdio                100023a8 f   LIBC:_file.obj
 0001:000013bc       _malloc                    100023bc f   LIBC:malloc.obj
 0001:000013ce       __nh_malloc                100023ce f   LIBC:malloc.obj
 0001:000013fa       __heap_alloc               100023fa f   LIBC:malloc.obj
 0001:00001430       _free                      10002430 f   LIBC:free.obj
 0001:0000145f       __CRT_INIT@12              1000245f f   LIBC:dllcrt0.obj
 0001:00001517       __DllMainCRTStartup@12     10002517 f   LIBC:dllcrt0.obj
 0001:000015b4       __amsg_exit                100025b4 f   LIBC:dllcrt0.obj
 0001:000015e7       __setdefaultprecision      100025e7 f   LIBC:fp8.obj
 0001:000015f9       __ms_p5_test_fdiv          100025f9 f   LIBC:testfdiv.obj
 0001:00001637       __ms_p5_mp_test_fdiv       10002637 f   LIBC:testfdiv.obj
 0001:00001660       __forcdecpt                10002660 f   LIBC:cvt.obj
 0001:000016ba       __cropzeros                100026ba f   LIBC:cvt.obj
 0001:00001708       __positive                 10002708 f   LIBC:cvt.obj
 0001:00001720       __fassign                  10002720 f   LIBC:cvt.obj
 0001:0000175e       __cftoe                    1000275e f   LIBC:cvt.obj
 0001:00001862       __cftof                    10002862 f   LIBC:cvt.obj
 0001:00001940       __cftog                    10002940 f   LIBC:cvt.obj
 0001:00001a25       __cfltcvt                  10002a25 f   LIBC:cvt.obj
 0001:00001a9b       __stbuf                    10002a9b f   LIBC:_sftbuf.obj
 0001:00001b28       __ftbuf                    10002b28 f   LIBC:_sftbuf.obj
 0001:00001b65       __output                   10002b65 f   LIBC:output.obj
 0001:0000236f       __ioinit                   1000336f f   LIBC:ioinit.obj
 0001:0000251a       __ioterm                   1000351a f   LIBC:ioinit.obj
 0001:0000253d       _calloc                    1000353d f   LIBC:calloc.obj
 0001:000025ba       __fcloseall                100035ba f   LIBC:closeall.obj
 0001:00002612       _fflush                    10003612 f   LIBC:fflush.obj
 0001:0000264d       __flush                    1000364d f   LIBC:fflush.obj
 0001:000026a9       __flushall                 100036a9 f   LIBC:fflush.obj
 0001:0000271f       __callnewh                 1000371f f   LIBC:handler.obj
 0001:0000273a       __heap_init                1000373a f   LIBC:heapinit.obj
 0001:00002776       __heap_term                10003776 f   LIBC:heapinit.obj
 0001:000027eb       ___sbh_heap_init           100037eb f   LIBC:sbheap.obj
 0001:00002829       ___sbh_find_block          10003829 f   LIBC:sbheap.obj
 0001:00002854       ___sbh_free_block          10003854 f   LIBC:sbheap.obj
 0001:00002b7f       ___sbh_alloc_block         10003b7f f   LIBC:sbheap.obj
 0001:00002e88       ___sbh_alloc_new_region    10003e88 f   LIBC:sbheap.obj
 0001:00002f39       ___sbh_alloc_new_group     10003f39 f   LIBC:sbheap.obj
 0001:00003034       __setenvp                  10004034 f   LIBC:stdenvp.obj
 0001:000030ed       __setargv                  100040ed f   LIBC:stdargv.obj
 0001:0000333a       ___crtGetEnvironmentStringsA 1000433a f   LIBC:a_env.obj
 0001:0000346c       _DllMain@12                1000446c f   LIBC:dllmain.obj
 0001:0000348c       __FF_MSGBANNER             1000448c f   LIBC:crt0msg.obj
 0001:000034c5       __NMSG_WRITE               100044c5 f   LIBC:crt0msg.obj
 0001:00003618       __control87                10004618 f   LIBC:ieee87.obj
 0001:0000364d       __controlfp                1000464d f   LIBC:ieee87.obj
 0001:0000377e       __isctype                  1000477e f   LIBC:isctype.obj
 0001:000037f3       _tolower                   100047f3 f   LIBC:tolower.obj
 0001:000038be       __ZeroTail                 100048be f   LIBC:intrncvt.obj
 0001:00003907       __IncMan                   10004907 f   LIBC:intrncvt.obj
 0001:0000395d       __RoundMan                 1000495d f   LIBC:intrncvt.obj
 0001:000039e9       __CopyMan                  100049e9 f   LIBC:intrncvt.obj
 0001:00003a04       __FillZeroMan              10004a04 f   LIBC:intrncvt.obj
 0001:00003a10       __IsZeroMan                10004a10 f   LIBC:intrncvt.obj
 0001:00003a2b       __ShrMan                   10004a2b f   LIBC:intrncvt.obj
 0001:00003ab8       __ld12cvt                  10004ab8 f   LIBC:intrncvt.obj
 0001:00003c24       __ld12tod                  10004c24 f   LIBC:intrncvt.obj
 0001:00003c3a       __ld12tof                  10004c3a f   LIBC:intrncvt.obj
 0001:00003c50       __atodbl                   10004c50 f   LIBC:intrncvt.obj
 0001:00003c7d       __atoflt                   10004c7d f   LIBC:intrncvt.obj
 0001:00003cb0       _strcpy                    10004cb0 f   LIBC:strcat.obj
 0001:00003cc0       _strcat                    10004cc0 f   LIBC:strcat.obj
 0001:00003da0       __fptostr                  10004da0 f   LIBC:_fptostr.obj
 0001:00003e17       __fltout                   10004e17 f   LIBC:cfout.obj
 0001:00003e7b       ___dtold                   10004e7b f   LIBC:cfout.obj
 0001:00003f40       _memset                    10004f40 f   LIBC:memset.obj
 0001:00003fa0       _memmove                   10004fa0 f   LIBC:memmove.obj
 0001:000042e0       _strlen                    100052e0 f   LIBC:strlen.obj
 0001:0000435b       __fptrap                   1000535b f   LIBC:crt0fp.obj
 0001:00004364       __isatty                   10005364 f   LIBC:isatty.obj
 0001:0000438a       _wctomb                    1000538a f   LIBC:wctomb.obj
 0001:00004400       __aulldiv                  10005400 f   LIBC:ulldiv.obj
 0001:00004470       __aullrem                  10005470 f   LIBC:ullrem.obj
 0001:000044e5       __flsbuf                   100054e5 f   LIBC:_flsbuf.obj
 0001:000045fa       _fclose                    100055fa f   LIBC:fclose.obj
 0001:00004650       __commit                   10005650 f   LIBC:commit.obj
 0001:000046a7       __write                    100056a7 f   LIBC:write.obj
 0001:00004854       __setmbcp                  10005854 f   LIBC:mbctype.obj
 0001:00004c18       ___initmbctable            10005c18 f   LIBC:mbctype.obj
 0001:00004c40       _memcpy                    10005c40 f   LIBC:memcpy.obj
 0001:00004f75       ___crtMessageBoxA          10005f75 f   LIBC:crtmbox.obj
 0001:00005000       _strncpy                   10006000 f   LIBC:strncpy.obj
 0001:000050fe       ___crtGetStringTypeA       100060fe f   LIBC:a_str.obj
 0001:00005247       ___crtLCMapStringA         10006247 f   LIBC:a_map.obj
 0001:00005496       ___addl                    10006496 f   LIBC:mantold.obj
 0001:000054b7       ___add_12                  100064b7 f   LIBC:mantold.obj
 0001:00005515       ___shl_12                  10006515 f   LIBC:mantold.obj
 0001:00005543       ___shr_12                  10006543 f   LIBC:mantold.obj
 0001:00005570       ___mtold12                 10006570 f   LIBC:mantold.obj
 0001:00005637       ___strgtold12              10006637 f   LIBC:strgtold.obj
 0001:00005b08       _$I10_OUTPUT               10006b08 f   LIBC:x10fout.obj
 0001:00005d9b       __lseek                    10006d9b f   LIBC:lseek.obj
 0001:00005e35       __getbuf                   10006e35 f   LIBC:_getbuf.obj
 0001:00005e79       __close                    10006e79 f   LIBC:close.obj
 0001:00005f2c       __freebuf                  10006f2c f   LIBC:_freebuf.obj
 0001:00005f57       __free_osfhnd              10006f57 f   LIBC:osfinfo.obj
 0001:00005fd1       __get_osfhandle            10006fd1 f   LIBC:osfinfo.obj
 0001:0000600e       __dosmaperr                1000700e f   LIBC:dosmap.obj
 0001:00006078       __global_unwind2           10007078 f   LIBC:exsup.obj
 0001:000060ba       __local_unwind2            100070ba f   LIBC:exsup.obj
 0001:00006112       __NLG_Return2              10007112 f   LIBC:exsup.obj
 0001:00006122       __abnormal_termination     10007122 f   LIBC:exsup.obj
 0001:00006145       __NLG_Notify1              10007145 f   LIBC:exsup.obj
 0001:0000614e       __NLG_Notify               1000714e f   LIBC:exsup.obj
 0001:00006161       __NLG_Dispatch             10007161 f   LIBC:exsup.obj
 0001:00006170       __except_handler3          10007170 f   LIBC:exsup3.obj
 0001:0000622d       __seh_longjmp_unwind@4     1000722d f   LIBC:exsup3.obj
 0001:00006250       __alloca_probe             10007250 f   LIBC:chkstk.obj
 0001:00006250       __chkstk                   10007250 f   LIBC:chkstk.obj
 0001:0000627f       ___ld12mul                 1000727f f   LIBC:tenpow.obj
 0001:0000649f       ___multtenpow12            1000749f f   LIBC:tenpow.obj
 0001:0000651c       _RtlUnwind@16              1000751c f   kernel32:KERNEL32.dll
 0002:00000000       __imp__WideCharToMultiByte@32 10008000     kernel32:KERNEL32.dll
 0002:00000004       __imp__TerminateProcess@8  10008004     kernel32:KERNEL32.dll
 0002:00000008       __imp__GetCurrentProcess@0 10008008     kernel32:KERNEL32.dll
 0002:0000000c       __imp__HeapAlloc@12        1000800c     kernel32:KERNEL32.dll
 0002:00000010       __imp__HeapFree@12         10008010     kernel32:KERNEL32.dll
 0002:00000014       __imp__GetCommandLineA@0   10008014     kernel32:KERNEL32.dll
 0002:00000018       __imp__GetVersion@0        10008018     kernel32:KERNEL32.dll
 0002:0000001c       __imp__GetProcAddress@8    1000801c     kernel32:KERNEL32.dll
 0002:00000020       __imp__GetModuleHandleA@4  10008020     kernel32:KERNEL32.dll
 0002:00000024       __imp__SetHandleCount@4    10008024     kernel32:KERNEL32.dll
 0002:00000028       __imp__GetStdHandle@4      10008028     kernel32:KERNEL32.dll
 0002:0000002c       __imp__GetFileType@4       1000802c     kernel32:KERNEL32.dll
 0002:00000030       __imp__GetStartupInfoA@4   10008030     kernel32:KERNEL32.dll
 0002:00000034       __imp__HeapDestroy@4       10008034     kernel32:KERNEL32.dll
 0002:00000038       __imp__HeapCreate@12       10008038     kernel32:KERNEL32.dll
 0002:0000003c       __imp__VirtualFree@12      1000803c     kernel32:KERNEL32.dll
 0002:00000040       __imp__VirtualAlloc@16     10008040     kernel32:KERNEL32.dll
 0002:00000044       __imp__HeapReAlloc@16      10008044     kernel32:KERNEL32.dll
 0002:00000048       __imp__GetModuleFileNameA@12 10008048     kernel32:KERNEL32.dll
 0002:0000004c       __imp__FreeEnvironmentStringsA@4 1000804c     kernel32:KERNEL32.dll
 0002:00000050       __imp__FreeEnvironmentStringsW@4 10008050     kernel32:KERNEL32.dll
 0002:00000054       __imp__ExitProcess@4       10008054     kernel32:KERNEL32.dll
 0002:00000058       __imp__GetEnvironmentStrings@0 10008058     kernel32:KERNEL32.dll
 0002:0000005c       __imp__GetEnvironmentStringsW@0 1000805c     kernel32:KERNEL32.dll
 0002:00000060       __imp__DisableThreadLibraryCalls@4 10008060     kernel32:KERNEL32.dll
 0002:00000064       __imp__WriteFile@20        10008064     kernel32:KERNEL32.dll
 0002:00000068       __imp__GetLastError@0      10008068     kernel32:KERNEL32.dll
 0002:0000006c       __imp__FlushFileBuffers@4  1000806c     kernel32:KERNEL32.dll
 0002:00000070       __imp__GetCPInfo@8         10008070     kernel32:KERNEL32.dll
 0002:00000074       __imp__GetACP@0            10008074     kernel32:KERNEL32.dll
 0002:00000078       __imp__GetOEMCP@0          10008078     kernel32:KERNEL32.dll
 0002:0000007c       __imp__LoadLibraryA@4      1000807c     kernel32:KERNEL32.dll
 0002:00000080       __imp__MultiByteToWideChar@24 10008080     kernel32:KERNEL32.dll
 0002:00000084       __imp__GetStringTypeA@20   10008084     kernel32:KERNEL32.dll
 0002:00000088       __imp__GetStringTypeW@16   10008088     kernel32:KERNEL32.dll
 0002:0000008c       __imp__LCMapStringA@24     1000808c     kernel32:KERNEL32.dll
 0002:00000090       __imp__LCMapStringW@24     10008090     kernel32:KERNEL32.dll
 0002:00000094       __imp__SetFilePointer@16   10008094     kernel32:KERNEL32.dll
 0002:00000098       __imp__CloseHandle@4       10008098     kernel32:KERNEL32.dll
 0002:0000009c       __imp__SetStdHandle@8      1000809c     kernel32:KERNEL32.dll
 0002:000000a0       __imp__RtlUnwind@16        100080a0     kernel32:KERNEL32.dll
 0002:000000a4       \177KERNEL32_NULL_THUNK_DATA 100080a4     kernel32:KERNEL32.dll
 0002:000000a8       __real@8@00000000000000000000 100080a8     frprmn.obj
 0002:000000b0       __real@4@00000000000000000000 100080b0     frprmn.obj
 0002:000000b8       __real@8@3fdddbe6fecebdedd800 100080b8     frprmn.obj
 0002:000000c0       __real@8@3ffdc3910c2c5e2ce000 100080c0     brent.obj
 0002:000000c8       __real@8@3ffe8000000000000000 100080c8     brent.obj
 0002:000000d0       __real@8@4005c800000000000000 100080d0     mnbrak.obj
 0002:000000d8       __real@4@3fbcbce5086492111800 100080d8     mnbrak.obj
 0002:000000e0       __real@8@3fffcf1bbcf4e874c800 100080e0     mnbrak.obj
 0002:000000e8       __real@8@3fff8000000000000000 100080e8     LIBC:testfdiv.obj
 0002:000000f0       __real@8@4015800bf60000000000 100080f0     LIBC:testfdiv.obj
 0002:000000f8       __real@8@4014bffffc0000000000 100080f8     LIBC:testfdiv.obj
 0002:00000100       ??_C@_0BK@JEGK@IsProcessorFeaturePresent?$AA@ 10008100     LIBC:testfdiv.obj
 0002:0000011c       ??_C@_08OBID@KERNEL32?$AA@ 1000811c     LIBC:testfdiv.obj
 0002:00000128       ??_C@_05OFLO@e?$CL000?$AA@ 10008128     LIBC:cvt.obj
 0002:00000130       ___lookuptable             10008130     LIBC:output.obj
 0002:0000018c       ??_C@_1O@POHA@?$AA?$CI?$AAn?$AAu?$AAl?$AAl?$AA?$CJ?$AA?$AA@ 1000818c     LIBC:output.obj
 0002:0000019c       ??_C@_06ONKE@?$CInull?$CJ?$AA@ 1000819c     LIBC:output.obj
 0002:000001a4       ??_C@_0P@GGKG@runtime?5error?5?$AA@ 100081a4     LIBC:crt0msg.obj
 0002:000001b4       ??_C@_02PIMC@?$AN?6?$AA@   100081b4     LIBC:crt0msg.obj
 0002:000001b8       ??_C@_0O@DELO@TLOSS?5error?$AN?6?$AA@ 100081b8     LIBC:crt0msg.obj
 0002:000001c8       ??_C@_0N@OMLL@SING?5error?$AN?6?$AA@ 100081c8     LIBC:crt0msg.obj
 0002:000001d8       ??_C@_0P@OJAK@DOMAIN?5error?$AN?6?$AA@ 100081d8     LIBC:crt0msg.obj
 0002:000001e8       ??_C@_0CF@EANP@R6028?$AN?6?9?5unable?5to?5initialize?5he@ 100081e8     LIBC:crt0msg.obj
 0002:00000210       ??_C@_0DF@ECGN@R6027?$AN?6?9?5not?5enough?5space?5for?5lo@ 10008210     LIBC:crt0msg.obj
 0002:00000248       ??_C@_0DF@FKAC@R6026?$AN?6?9?5not?5enough?5space?5for?5st@ 10008248     LIBC:crt0msg.obj
 0002:00000280       ??_C@_0CG@DPMN@R6025?$AN?6?9?5pure?5virtual?5function?5c@ 10008280     LIBC:crt0msg.obj
 0002:000002a8       ??_C@_0DF@CKIP@R6024?$AN?6?9?5not?5enough?5space?5for?5_o@ 100082a8     LIBC:crt0msg.obj
 0002:000002e0       ??_C@_0CJ@GGOE@R6019?$AN?6?9?5unable?5to?5open?5console?5@ 100082e0     LIBC:crt0msg.obj
 0002:0000030c       ??_C@_0CB@LBOB@R6018?$AN?6?9?5unexpected?5heap?5error?$AN?6@ 1000830c     LIBC:crt0msg.obj
 0002:00000330       ??_C@_0CN@FPEG@R6017?$AN?6?9?5unexpected?5multithread?5@ 10008330     LIBC:crt0msg.obj
 0002:00000360       ??_C@_0CM@OBIC@R6016?$AN?6?9?5not?5enough?5space?5for?5th@ 10008360     LIBC:crt0msg.obj
 0002:0000038c       ??_C@_0CB@HPAL@?$AN?6abnormal?5program?5termination?$AN?6@ 1000838c     LIBC:crt0msg.obj
 0002:000003b0       ??_C@_0CM@JOOB@R6009?$AN?6?9?5not?5enough?5space?5for?5en@ 100083b0     LIBC:crt0msg.obj
 0002:000003dc       ??_C@_0CK@OIBL@R6008?$AN?6?9?5not?5enough?5space?5for?5ar@ 100083dc     LIBC:crt0msg.obj
 0002:00000408       ??_C@_0CF@LKPB@R6002?$AN?6?9?5floating?5point?5not?5load@ 10008408     LIBC:crt0msg.obj
 0002:00000430       ??_C@_0CF@JPDF@Microsoft?5Visual?5C?$CL?$CL?5Runtime?5Lib@ 10008430     LIBC:crt0msg.obj
 0002:00000458       ??_C@_02JJJH@?6?6?$AA@     10008458     LIBC:crt0msg.obj
 0002:0000045c       ??_C@_0BK@DEOK@Runtime?5Error?$CB?6?6Program?3?5?$AA@ 1000845c     LIBC:crt0msg.obj
 0002:00000478       ??_C@_03NAME@?4?4?4?$AA@   10008478     LIBC:crt0msg.obj
 0002:0000047c       ??_C@_0BH@NNCD@?$DMprogram?5name?5unknown?$DO?$AA@ 1000847c     LIBC:crt0msg.obj
 0002:00000494       ??_C@_0BD@NJFP@GetLastActivePopup?$AA@ 10008494     LIBC:crtmbox.obj
 0002:000004a8       ??_C@_0BA@GILI@GetActiveWindow?$AA@ 100084a8     LIBC:crtmbox.obj
 0002:000004b8       ??_C@_0M@PKCK@MessageBoxA?$AA@ 100084b8     LIBC:crtmbox.obj
 0002:000004c4       ??_C@_0L@HKL@user32?4dll?$AA@ 100084c4     LIBC:crtmbox.obj
 0002:000004d0       ??_C@_01A@?$AA?$AA@        100084d0     LIBC:a_str.obj
 0002:000004d4       ??_C@_13A@?$AA?$AA?$AA?$AA@ 100084d4     LIBC:a_str.obj
 0002:00000500       ??_C@_06PAPI@1?$CDQNAN?$AA@ 10008500     LIBC:x10fout.obj
 0002:00000508       ??_C@_05BGNL@1?$CDINF?$AA@ 10008508     LIBC:x10fout.obj
 0002:00000510       ??_C@_05EDPF@1?$CDIND?$AA@ 10008510     LIBC:x10fout.obj
 0002:00000518       ??_C@_06LKFM@1?$CDSNAN?$AA@ 10008518     LIBC:x10fout.obj
 0002:00000520       __IMPORT_DESCRIPTOR_KERNEL32 10008520     kernel32:KERNEL32.dll
 0002:00000534       __NULL_IMPORT_DESCRIPTOR   10008534     kernel32:KERNEL32.dll
 0003:00000000       ___xc_a                    10009000     LIBC:crt0init.obj
 0003:00000004       ___xc_z                    10009004     LIBC:crt0init.obj
 0003:00000008       ___xi_a                    10009008     LIBC:crt0init.obj
 0003:00000014       ___xi_z                    10009014     LIBC:crt0init.obj
 0003:00000018       ___xp_a                    10009018     LIBC:crt0init.obj
 0003:00000020       ___xp_z                    10009020     LIBC:crt0init.obj
 0003:00000024       ___xt_a                    10009024     LIBC:crt0init.obj
 0003:00000028       ___xt_z                    10009028     LIBC:crt0init.obj
 0003:00000030       __fmode                    10009030     BINMODE.OBJ
 0003:00000034       _ITMAX                     10009034     frprmn.obj
 0003:000002d4       __fltused                  100092d4     LIBC:fpinit.obj
 0003:000002d8       __ldused                   100092d8     LIBC:fpinit.obj
 0003:000002dc       __FPinit                   100092dc     LIBC:fpinit.obj
 0003:000002e0       __FPmtinit                 100092e0     LIBC:fpinit.obj
 0003:000002e4       __FPmtterm                 100092e4     LIBC:fpinit.obj
 0003:000002e8       __iob                      100092e8     LIBC:_file.obj
 0003:00000568       __aexit_rtn                10009568     LIBC:dllcrt0.obj
 0003:0000056c       __cfltcvt_tab              1000956c     LIBC:cmiscdat.obj
 0003:00000584       ___nullstring              10009584     LIBC:output.obj
 0003:00000588       ___wnullstring             10009588     LIBC:output.obj
 0003:00000590       ___badioinfo               10009590     LIBC:ioinit.obj
 0003:00000598       __amblksiz                 10009598     LIBC:heapinit.obj
 0003:0000059c       ___sbh_threshold           1000959c     LIBC:sbheap.obj
 0003:00000630       ___mb_cur_max              10009630     LIBC:nlsdata1.obj
 0003:00000634       ___decimal_point           10009634     LIBC:nlsdata1.obj
 0003:00000638       ___decimal_point_length    10009638     LIBC:nlsdata1.obj
 0003:0000063c       __pctype                   1000963c     LIBC:ctype.obj
 0003:00000640       __pwctype                  10009640     LIBC:ctype.obj
 0003:00000644       __ctype                    10009644     LIBC:ctype.obj
 0003:00000980       __XcptActTab               10009980     LIBC:winxfltr.obj
 0003:000009f8       __First_FPE_Indx           100099f8     LIBC:winxfltr.obj
 0003:000009fc       __Num_FPE                  100099fc     LIBC:winxfltr.obj
 0003:00000a00       __XcptActTabCount          10009a00     LIBC:winxfltr.obj
 0003:00000a04       __fpecode                  10009a04     LIBC:winxfltr.obj
 0003:00000b70       __NLG_Destination          10009b70     LIBC:exsup.obj
 0003:00000b80       __pow10pos                 10009b80     LIBC:constpow.obj
 0003:00000ce0       __pow10neg                 10009ce0     LIBC:constpow.obj
 0003:00000e9c       ___fastflag                10009e9c     LIBC:fpinit.obj
 0003:00000ea0       __adjust_fdiv              10009ea0     LIBC:fpinit.obj
 0003:00000ea4       _errno                     10009ea4     LIBC:crt0dat.obj
 0003:00000ea8       __doserrno                 10009ea8     LIBC:crt0dat.obj
 0003:00000eac       __umaskval                 10009eac     LIBC:crt0dat.obj
 0003:00000eb0       __osver                    10009eb0     LIBC:crt0dat.obj
 0003:00000eb4       __winver                   10009eb4     LIBC:crt0dat.obj
 0003:00000eb8       __winmajor                 10009eb8     LIBC:crt0dat.obj
 0003:00000ebc       __winminor                 10009ebc     LIBC:crt0dat.obj
 0003:00000ec0       ___argc                    10009ec0     LIBC:crt0dat.obj
 0003:00000ec4       ___argv                    10009ec4     LIBC:crt0dat.obj
 0003:00000ec8       ___wargv                   10009ec8     LIBC:crt0dat.obj
 0003:00000ecc       __environ                  10009ecc     LIBC:crt0dat.obj
 0003:00000ed0       ___initenv                 10009ed0     LIBC:crt0dat.obj
 0003:00000ed4       __wenviron                 10009ed4     LIBC:crt0dat.obj
 0003:00000ed8       ___winitenv                10009ed8     LIBC:crt0dat.obj
 0003:00000edc       __pgmptr                   10009edc     LIBC:crt0dat.obj
 0003:00000ee0       __wpgmptr                  10009ee0     LIBC:crt0dat.obj
 0003:00000ee4       __exitflag                 10009ee4     LIBC:crt0dat.obj
 0003:00000ee8       __C_Termination_Done       10009ee8     LIBC:crt0dat.obj
 0003:00000eec       __C_Exit_Done              10009eec     LIBC:crt0dat.obj
 0003:00000ef0       __cflush                   10009ef0     LIBC:_file.obj
 0003:00000ef8       __aenvptr                  10009ef8     LIBC:dllcrt0.obj
 0003:00000efc       __wenvptr                  10009efc     LIBC:dllcrt0.obj
 0003:00000f00       ___error_mode              10009f00     LIBC:dllcrt0.obj
 0003:00000f04       ___app_type                10009f04     LIBC:dllcrt0.obj
 0003:00000f18       __stdbuf                   10009f18     LIBC:_sftbuf.obj
 0003:00000f20       __newmode                  10009f20     LIBC:_newmode.obj
 0003:00000f24       ?_pnhHeap@@3P6AHI@ZA       10009f24     LIBC:handler.obj
 0003:00001030       __adbgmsg                  1000a030     LIBC:crt0msg.obj
 0003:00001078       __pxcptinfoptrs            1000a078     LIBC:winxfltr.obj
 0003:00001084       ___lc_handle               1000a084     LIBC:nlsdata2.obj
 0003:0000109c       ___lc_codepage             1000a09c     LIBC:nlsdata2.obj
 0003:000010a0       ___lc_collate_cp           1000a0a0     LIBC:nlsdata2.obj
 0003:000010a4       ___mbcodepage              1000a0a4     <common>
 0003:000010b0       ___mbulinfo                1000a0b0     <common>
 0003:000010bc       ___ismbcodepage            1000a0bc     <common>
 0003:000010c0       __mbcasemap                1000a0c0     <common>
 0003:000011c0       __mbctype                  1000a1c0     <common>
 0003:000012c4       ___mblcid                  1000a2c4     <common>
 0003:000012c8       ___sbh_sizeHeaderList      1000a2c8     <common>
 0003:000012cc       ___sbh_indGroupDefer       1000a2cc     <common>
 0003:000012d0       ___sbh_pHeaderScan         1000a2d0     <common>
 0003:000012d4       ___sbh_pHeaderDefer        1000a2d4     <common>
 0003:000012d8       ___sbh_cntHeaderList       1000a2d8     <common>
 0003:000012dc       ___sbh_pHeaderList         1000a2dc     <common>
 0003:000012e0       __crtheap                  1000a2e0     <common>
 0003:00001300       ___pioinfo                 1000a300     <common>
 0003:00001400       __nhandle                  1000a400     <common>
 0003:00001404       __acmdln                   1000a404     <common>
 0003:00001408       __pRawDllMain              1000a408     <common>
 0003:0000140c       ___piob                    1000a40c     <common>
 0003:00001420       __bufin                    1000a420     <common>
 0003:00002420       __nstream                  1000b420     <common>
 0003:00002424       ___env_initialized         1000b424     <common>
 0003:00002428       ___mbctype_initialized     1000b428     <common>
 0003:0000242c       ___onexitend               1000b42c     <common>
 0003:00002430       ___onexitbegin             1000b430     <common>

 entry point at        0001:00001517

 Static symbols

 0001:00006090       _gu_return                 10007090 f   LIBC:exsup.obj
 0001:00006098       __unwind_handler           10007098 f   LIBC:exsup.obj
 0001:0000546b       _strncnt                   1000646b f   LIBC:a_map.obj
 0001:00004cb0       LeadUp1                    10005cb0 f   LIBC:memcpy.obj
 0001:00004cdc       LeadUp2                    10005cdc f   LIBC:memcpy.obj
 0001:00004d00       LeadUp3                    10005d00 f   LIBC:memcpy.obj
 0001:00004d7f       UnwindUp0                  10005d7f f   LIBC:memcpy.obj
 0001:00004d6c       UnwindUp1                  10005d6c f   LIBC:memcpy.obj
 0001:00004d64       UnwindUp2                  10005d64 f   LIBC:memcpy.obj
 0001:00004d5c       UnwindUp3                  10005d5c f   LIBC:memcpy.obj
 0001:00004d54       UnwindUp4                  10005d54 f   LIBC:memcpy.obj
 0001:00004d4c       UnwindUp5                  10005d4c f   LIBC:memcpy.obj
 0001:00004d44       UnwindUp6                  10005d44 f   LIBC:memcpy.obj
 0001:00004d3c       UnwindUp7                  10005d3c f   LIBC:memcpy.obj
 0001:00004d98       TrailUp0                   10005d98 f   LIBC:memcpy.obj
 0001:00004da0       TrailUp1                   10005da0 f   LIBC:memcpy.obj
 0001:00004dac       TrailUp2                   10005dac f   LIBC:memcpy.obj
 0001:00004dc0       TrailUp3                   10005dc0 f   LIBC:memcpy.obj
 0001:00004e38       LeadDown1                  10005e38 f   LIBC:memcpy.obj
 0001:00004e58       LeadDown2                  10005e58 f   LIBC:memcpy.obj
 0001:00004e80       LeadDown3                  10005e80 f   LIBC:memcpy.obj
 0001:00004ed4       UnwindDown7                10005ed4 f   LIBC:memcpy.obj
 0001:00004edc       UnwindDown6                10005edc f   LIBC:memcpy.obj
 0001:00004ee4       UnwindDown5                10005ee4 f   LIBC:memcpy.obj
 0001:00004eec       UnwindDown4                10005eec f   LIBC:memcpy.obj
 0001:00004ef4       UnwindDown3                10005ef4 f   LIBC:memcpy.obj
 0001:00004efc       UnwindDown2                10005efc f   LIBC:memcpy.obj
 0001:00004f04       UnwindDown1                10005f04 f   LIBC:memcpy.obj
 0001:00004f17       UnwindDown0                10005f17 f   LIBC:memcpy.obj
 0001:00004f30       TrailDown0                 10005f30 f   LIBC:memcpy.obj
 0001:00004f38       TrailDown1                 10005f38 f   LIBC:memcpy.obj
 0001:00004f48       TrailDown2                 10005f48 f   LIBC:memcpy.obj
 0001:00004f5c       TrailDown3                 10005f5c f   LIBC:memcpy.obj
 0001:000049ed       _getSystemCP               100059ed f   LIBC:mbctype.obj
 0001:00004a37       _CPtoLCID                  10005a37 f   LIBC:mbctype.obj
 0001:00004a6a       _setSBCS                   10005a6a f   LIBC:mbctype.obj
 0001:00004a93       _setSBUpLow                10005a93 f   LIBC:mbctype.obj
 0001:00004010       LeadUp1                    10005010 f   LIBC:memmove.obj
 0001:0000403c       LeadUp2                    1000503c f   LIBC:memmove.obj
 0001:00004060       LeadUp3                    10005060 f   LIBC:memmove.obj
 0001:000040df       UnwindUp0                  100050df f   LIBC:memmove.obj
 0001:000040cc       UnwindUp1                  100050cc f   LIBC:memmove.obj
 0001:000040c4       UnwindUp2                  100050c4 f   LIBC:memmove.obj
 0001:000040bc       UnwindUp3                  100050bc f   LIBC:memmove.obj
 0001:000040b4       UnwindUp4                  100050b4 f   LIBC:memmove.obj
 0001:000040ac       UnwindUp5                  100050ac f   LIBC:memmove.obj
 0001:000040a4       UnwindUp6                  100050a4 f   LIBC:memmove.obj
 0001:0000409c       UnwindUp7                  1000509c f   LIBC:memmove.obj
 0001:000040f8       TrailUp0                   100050f8 f   LIBC:memmove.obj
 0001:00004100       TrailUp1                   10005100 f   LIBC:memmove.obj
 0001:0000410c       TrailUp2                   1000510c f   LIBC:memmove.obj
 0001:00004120       TrailUp3                   10005120 f   LIBC:memmove.obj
 0001:00004198       LeadDown1                  10005198 f   LIBC:memmove.obj
 0001:000041b8       LeadDown2                  100051b8 f   LIBC:memmove.obj
 0001:000041e0       LeadDown3                  100051e0 f   LIBC:memmove.obj
 0001:00004234       UnwindDown7                10005234 f   LIBC:memmove.obj
 0001:0000423c       UnwindDown6                1000523c f   LIBC:memmove.obj
 0001:00004244       UnwindDown5                10005244 f   LIBC:memmove.obj
 0001:0000424c       UnwindDown4                1000524c f   LIBC:memmove.obj
 0001:00004254       UnwindDown3                10005254 f   LIBC:memmove.obj
 0001:0000425c       UnwindDown2                1000525c f   LIBC:memmove.obj
 0001:00004264       UnwindDown1                10005264 f   LIBC:memmove.obj
 0001:00004277       UnwindDown0                10005277 f   LIBC:memmove.obj
 0001:00004290       TrailDown0                 10005290 f   LIBC:memmove.obj
 0001:00004298       TrailDown1                 10005298 f   LIBC:memmove.obj
 0001:000042a8       TrailDown2                 100052a8 f   LIBC:memmove.obj
 0001:000042bc       TrailDown3                 100052bc f   LIBC:memmove.obj
 0001:00003663       __abstract_cw              10004663 f   LIBC:ieee87.obj
 0001:000036f5       __hw_cw                    100046f5 f   LIBC:ieee87.obj
 0001:00003186       _parse_cmdline             10004186 f   LIBC:stdargv.obj
 0001:000026b2       _flsall                    100036b2 f   LIBC:fflush.obj
 0001:000022a6       _write_char                100032a6 f   LIBC:output.obj
 0001:000022db       _write_multi_char          100032db f   LIBC:output.obj
 0001:0000230c       _write_string              1000330c f   LIBC:output.obj
 0001:00002344       _get_int_arg               10003344 f   LIBC:output.obj
 0001:00002351       _get_int64_arg             10003351 f   LIBC:output.obj
 0001:00002361       _get_short_arg             10003361 f   LIBC:output.obj
 0001:000019db       __cftoe_g                  100029db f   LIBC:cvt.obj
 0001:00001a02       __cftof_g                  10002a02 f   LIBC:cvt.obj
 0001:00001a76       __shift                    10002a76 f   LIBC:cvt.obj
 0001:0000121e       _doexit                    1000221e f   LIBC:crt0dat.obj
 0001:000012b7       __initterm                 100022b7 f   LIBC:crt0dat.obj
